JSON
 4. Создать внешний репозиторий c названием JSON.
 I create an external repository in GitHub, copy http.
 
 5. Клонировать репозиторий JSON на локальный компьютер.

Anastasia@DESKTOP-AV30EPI MINGW64 ~/30 gr QA/HW_Git_Hub (main)
$ git clone https://github.com/AnastasiaGabets/JSON.git
Cloning into 'JSON'


6. Внутри локального JSON создать файл “new.json”.
$ cd JSON
$ touch new.json.txt

 7. Добавить файл под гит.
 $ git add new.json
 $ git status

 8. Закоммитить файл.
 $ git commit -m "add new.json"
 
 9. Отправить файл на внешний GitHub репозиторий.
$ git push

10. Отредактировать содержание файла “new.json” - написать информацию о себе (ФИО, возраст, количество домашних животных, будущая желаемая зарплата). Всё написать в формате JSON.
$ vim new.json
{
"first_name":"anastasia",
"last_name":"gabets",
"age":33,
"wage":450
}

 11. Отправить изменения на внешний репозиторий.
$ git commit -m "add first_name, last_name, age, wage"
$ git push


12. Создать файл preferences.json
$ touch preferences.json

 13. В файл preferences.json добавить информацию о своих предпочтениях (Любимый фильм, любимый сериал, любимая еда, любимое время года, сторона которую хотели бы посетить) в формате JSON.

$ vim preferences.json
{
    "movie":"by Luc Besson",
    "series":"fantastic",
    "season":"winter",
    "country":"Turky"
}

14. Создать файл sklls.json добавить информацию о скиллах которые будут изучены на курсе в формате JSON
$ touch sklls.json
$ vim sklls.json
{
	"1":"Basic theory",
"2":"What is client-server architecture",
"3":"HTTP",
"4":"HTTP server response codes",
"5":"Structures of HTTP Requests and Responses",
"6":"What is JSON, XML. Their structure",
"7":"API testing via Postman (JS, API autotests)",
"8":"Removing and reading logs from an external server",
"9":"Charles\Fiddler",
"10":"Dev Tools",
"11":"VPN",
"12":"Mobile testing",
"13":"Feature iOS, Android, guidelines",
"14":"Building iOS Apps with Xcode",
"15":"Building Android Applications with Android Studio",
"16":"ADB",
"17":"Setting up proxy and vpn on iOS and Android",
"18":"Interception (sniffing) of mobile traffic via Charles and Fiddler on iOS and Android",
"19":"terminal) Linux",
"20":"SQL (Create, Delete, Drop, Insert Into, Select, From, Where, Join)",
"23":"Postgres",
"24":"database Redis",
"25":"Load Testing in Jmeter",
"26":"Scrum",
"27":"Python"
}
 15. Отправить сразу 2 файла на внешний репозиторий.

$ git status
$ git add new.json preferences.json sklls.json
$ git status
$ git commit -m "add 2 json files: preferences and sklls"
$ git push


16. На веб интерфейсе создать файл bug_report.json.
press "Add file", "Create new file"

 17. Сделать Commit changes (сохранить) изменения на веб интерфейсе.
 I make a comment at the bottom of the page and save it.
 
 18. На веб интерфейсе модифицировать файл bug_report.json, добавить баг репорт в формате JSON.
 I select the file and click edit. submit a bug report in JSON format.
 {
  "title":"Registration, password, 1 character introduction",
  "PC":"open the website on the page:https://tvmag.by/signup/",
  "STR1":"The Password Confirmation, email, phone, and captcha fields are entered correctly",
  "STR2":"In the "Password" field, enter A",
  "STR3":"Click "Register",
  "ER":" The field is highlighted in red. Error, enter the password from 4 to 20 characters, using lowercase and uppercase letters, numbers",
  "AR":"1 character is accepted as a password. The field is not highlighted in red. There is no notification about the correct filling in of the "Password" field",
  "Environment":"OS Windows 10 Pro Browser Opera Version 80.0.4170.63"
 "Ptiority":"Medium",
  "Severity":"Major"
}

 19. Сделать Commit changes (сохранить) изменения на веб интерфейсе.
 I add a commit.
 
 20. Синхронизировать внешний и локальный репозиторий JSON
 
 $ git fetch
remote: Enumerating objects: 11, done.
remote: Counting objects: 100% (11/11), done.
remote: Compressing objects: 100% (9/9), done.
remote: Total 9 (delta 3), reused 0 (delta 0), pack-reused 0
Unpacking objects: 100% (9/9), 4.77 KiB | 271.00 KiB/s, done.
From https://github.com/AnastasiaGabets/HW_Git_Hub
   07d3644..89652f5  main       -> origin/main

$ git pull
Updating 07d3644..89652f5
Fast-forward
 HW1_terminal  | 262 ++++++++++++++++++++++++++++++++++++++++++++++++++++++++++
 HW2.txt       |  11 +--
 HW_3_terminal | 129 +++++++++++++++++++++++++++++
 3 files changed, 392 insertions(+), 10 deletions(-)
 create mode 100644 HW1_terminal
 create mode 100644 HW_3_terminal


XML
 21. Создать внешний репозиторий c названием XML.
I create an external repository XML.

 22. Клонировать репозиторий XML на локальный компьютер.
 $ git clone https://github.com/AnastasiaGabets/XML.git
 
 23. Внутри локального XML создать файл “new.xml”.
 $ cd XML
$ touch new.xml

 24. Добавить файл под гит.
 $ git add new.xml
 $ git status
 
 25. Закоммитить файл.
 $ git commit -m "add new file"
 
 26. Отправить файл на внешний GitHub репозиторий.
$ git push

27. Отредактировать содержание файла “new.xml” - написать информацию о себе (ФИО, возраст, количество домашних животных, будущая желаемая зарплата). Всё написать в формате XML.
$ vim new.xml
<I>
	<Name>Nastia</Name>
	<Age>33</Age>
	<place of work>A1</place of work>
	<job vacancy>QA</job vacancy>

</I>

 28. Отправить изменения на внешний репозиторий.
$ git commit -m "add information about me"
$ git push


29. Создать файл preferences.xml
$ touch preferences.xml

 30. В файл preferences.xml добавить информацию о своих предпочтениях (Любимый фильм, любимый сериал, любимая еда, любимое время года, сторона которую хотели бы посетить) в формате XML.
 $ vim preferences.xml
 <I like it>
	<Movie>Harry Potter</Movie>
	<Series>fantastic</Series>
	<Country>Turky</Country>
	<Food>McDonald's</Food>
</I like it>

 31. Создать файл sklls.xml добавить информацию о скиллах которые будут изучены на курсе в формате XML
 $ touch sklls.xml
$ vim sklls.xml
<Программа курса>
<Базовая теория>Что такое тестирование, багрепорты, документация, виды, методы, направления тестирования и т.п.) SDLC, STLC</Базовая теория>
<клиент-серверная архитектура>Что такое</клиент-серверная архитектура>
<HTTP>Методы запросов на сервер</HTTP>
<JSON>Что такое JSON, XML. Их структура</JSON>
<API> через Postman (JS, автотесты API)</API>
<Charles и Fiddler>Снифинг http web трафика</Charles и Fiddler>
<VPN>Как работает, зачем нужен, как использовать, варианты инструментов</VPN>
<Linux>Командная строка (terminal)</Linux>
<bash>скриптинг, автоматизация рутинных задач на сервере</bash>
<SQL>(Create, Delete, Drop, Insert Into, Select, From, Where, Join)</SQL>

</Программа курса>

 32. Сделать коммит в одну строку.
 33. Отправить сразу 2 файла на внешний репозиторий.

$ git add preferences.xml sklls.xml
$ git commit -m "add 2 files and information"
$ git push



34. На веб интерфейсе создать файл bug_report.xml.
press "Add file", "Create new file" - bug_report.xml

 35. Сделать Commit changes (сохранить) изменения на веб интерфейсе.
 add commit "create new file bug_report.xml"
 
 36. На веб интерфейсе модифицировать файл bug_report.xml, добавить баг репорт в формате XML.
 Edit file, add bug report.
 
 <Bug-reporting/TVmag.by>
  <title>Registration, displaying two basket icons (top and bottom) when scrolling up</title>
  <PC>open the website on the page:https://tvmag.by/signup/</PC>
  <STR>Scroll the page up</STR>
  <ER>The basket icon is displayed on the top right</ER>
  
 37. Сделать Commit changes (сохранить) изменения на веб интерфейсе.
 create commit "added bug-report - <title>Registration, displaying two basket icons (top and bottom) when scrolling up</title>"
 
 38. Синхронизировать внешний и локальный репозиторий XML
 $ git fetch
$ git pull


TXT
 1. Создать внешний репозиторий c названием TXT.
 I create an external repository TXT.
 
 2. Клонировать репозиторий TXT на локальный компьютер.
 $ git clone https://github.com/AnastasiaGabets/TXT.git
 
 3. Внутри локального TXT создать файл “new.txt”.
 $ cd TXT
$ touch new.txt

 4. Добавить файл под гит.
 $ git add new.txt
 
 5. Закоммитить файл.
 $ git commit -m "add new file txt"
 
 6. Отправить файл на внешний GitHub репозиторий.
$ git push


 7. Отредактировать содержание файла “new.txt” - написать информацию о себе (ФИО, возраст, количество домашних животных, будущая желаемая зарплата). Всё написать в формате TXT.
 $ vim new.txt
 Name: Anastasiya Gabets
Age =33
Animals - no
wage - 450

 8. Отправить изменения на внешний репозиторий.
$ git add new.txt
$ git status
$ git commit -m "add name,age,animals,wage"
$ git push


 9. Создать файл preferences.txt
  $ touch preferences.txt
  
 10. В файл preferences.txt” добавить информацию о своих предпочтениях (Любимый фильм, любимый сериал, любимая еда, любимое время года, сторона которую хотели бы посетить) в формате TXT.
 $ vim preferences.txt
 Любимый фильм - Гарри Поттер, любимый сериал - турецкие исторические, любимая еда - сало, любимое время года - зима, страна которую хотели бы посетить - Турция
 
 11. Создать файл sklls.txt добавить информацию о скиллах которые будут изучены на курсе в формате TXT
 $ touch skills.txt
$ vim skills.txt
Программа курса:1. Базовая теория (Что такое тестирование, багрепорты, документация, виды, методы, направления тестирования и т.п.) SDLC, STLC.
2. Что такое клиент-серверная архитектура.
3. HTTP Методы запросов на сервер.
4. Коды ответов HTTP сервера.
5. Структуры HTTP запросов и ответов.
6. Что такое JSON, XML. Их структура.
7. Тестирование API через Postman (JS, автотесты API).
8. Снятие и чтение логов c внешнего сервера.....

 12. Сделать коммит в одну строку.
 $ git add preferences.txt skills.txt
$ git status
$ git commit -m "add 2 files and comments"

 13. Отправить сразу 2 файла на внешний репозиторий.
$ git push


 14. На веб интерфейсе создать файл bug_report.txt.
 I create a new file in GitHub bug_report.txt.
 
 15. Сделать Commit changes (сохранить) изменения на веб интерфейсе.
 add commit "file bug_report.txt created"
 
 16. На веб интерфейсе модифицировать файл bug_report.txt, добавить баг репорт в формате TXT.
 Editing a file.
 
 Registration, password, input of more than 20 characters (21)

Pre-conditions: open the website on the page: Регистрация .

Steps:

The Password Confirmation, email, phone, and captcha fields are entered correctly.

In the "Password" field, enter QWerty123456789123456.

Click "Register".

Expected result: The field is highlighted in red. Error, enter the password from 4 to 20 characters, using lowercase and uppercase letters, numbers.

The actual result: 21 characters are accepted as the password. The field is not highlighted in red. There is no notification about the correct filling in of the "Password" field.
Environment:

OS Windows 10 Pro
Priority - Medium
Severity - Major
Browser Opera Version 80.0.4170.63

 17. Сделать Commit changes (сохранить) изменения на веб интерфейсе.
 commit "added bug-report:Registration, password, input of more than 20 characters (21) 
 
 18. Синхронизировать внешний и локальный репозиторий 
 $ git fetch
$ git pull
 
